  pch.cpp
C:\Users\edvin\Desktop\Xbox-ATG-Samples-main\PCSamples\IntroGraphics\SimpleLightingPC12\DirectXTK12\Src\d3dx12.h(2436,13): warning C4062: enumerator 'D3D_ROOT_SIGNATURE_VERSION_1_2' in switch of enum 'D3D_ROOT_SIGNATURE_VERSION' is not handled
  (compiling source file 'Src/pch.cpp')
      C:\Program Files (x86)\Windows Kits\10\Include\10.0.26100.0\um\d3d12.h(2556,6):
      see declaration of 'D3D_ROOT_SIGNATURE_VERSION'
  
C:\Users\edvin\Desktop\Xbox-ATG-Samples-main\PCSamples\IntroGraphics\SimpleLightingPC12\DirectXTK12\Src\d3dx12.h(2441,5): warning C4062: enumerator 'D3D_ROOT_SIGNATURE_VERSION_1_2' in switch of enum 'D3D_ROOT_SIGNATURE_VERSION' is not handled
  (compiling source file 'Src/pch.cpp')
      C:\Program Files (x86)\Windows Kits\10\Include\10.0.26100.0\um\d3d12.h(2556,6):
      see declaration of 'D3D_ROOT_SIGNATURE_VERSION'
  
  AudioEngine.cpp
  DynamicSoundEffectInstance.cpp
  SoundCommon.cpp
  SoundEffect.cpp
  SoundEffectInstance.cpp
  SoundStreamInstance.cpp
  WaveBank.cpp
  WaveBankReader.cpp
C:\Users\edvin\Desktop\Xbox-ATG-Samples-main\PCSamples\IntroGraphics\SimpleLightingPC12\DirectXTK12\Audio\WaveBankReader.cpp(39,22): warning C5264: '`anonymous-namespace'::MAX_DATA_SEGMENT_SIZE': 'const' variable is not used
  (compiling source file '/Audio/WaveBankReader.cpp')
  
C:\Users\edvin\Desktop\Xbox-ATG-Samples-main\PCSamples\IntroGraphics\SimpleLightingPC12\DirectXTK12\Audio\WaveBankReader.cpp(34,22): warning C5264: '`anonymous-namespace'::DVD_BLOCK_SIZE': 'const' variable is not used
  (compiling source file '/Audio/WaveBankReader.cpp')
  
  WAVFileReader.cpp
  AlphaTestEffect.cpp
  BasicEffect.cpp
  BasicPostProcess.cpp
  BufferHelpers.cpp
  CommonStates.cpp
  DDSTextureLoader.cpp
  DebugEffect.cpp
  DescriptorHeap.cpp
  DirectXHelpers.cpp
  DualPostProcess.cpp
  DualTextureEffect.cpp
  Generating Code...
  Compiling...
  BinaryReader.cpp
  EffectCommon.cpp
  EffectFactory.cpp
  EffectPipelineStateDescription.cpp
  EffectTextureFactory.cpp
  EnvironmentMapEffect.cpp
  GamePad.cpp
  GeometricPrimitive.cpp
  Geometry.cpp
  Keyboard.cpp
  LinearAllocator.cpp
  Model.cpp
  ModelLoadCMO.cpp
  ModelLoadSDKMESH.cpp
  ModelLoadVBO.cpp
  Mouse.cpp
  GraphicsMemory.cpp
  NormalMapEffect.cpp
  PBREffect.cpp
  PBREffectFactory.cpp
  Generating Code...
  Compiling...
  ResourceUploadBatch.cpp
  ScreenGrab.cpp
  SimpleMath.cpp
  SkinnedEffect.cpp
  SpriteBatch.cpp
  PrimitiveBatch.cpp
  SpriteFont.cpp
  ToneMapPostProcess.cpp
  VertexTypes.cpp
  WICTextureLoader.cpp
  Generating Code...
  DirectXTK_Desktop_2017_Win10.vcxproj -> C:\Users\edvin\Desktop\Xbox-ATG-Samples-main\PCSamples\IntroGraphics\SimpleLightingPC12\DirectXTK12\Bin\Desktop_2017_Win10\x64\Debug\DirectXTK12.lib
